---
layout:     post
title:      RK3588 Ubuntu 移植
subtitle:   基于 firefly sdk
date:       2025-03-24
author:     LXG
header-img: img/post-bg-unix-linux.jpg
catalog: true
tags:
    - rk3588
---

[RK3588 firefly](https://wiki.t-firefly.com/zh_CN/ROC-RK3588-PC/linux_sdk_get.html)

## repo 代码同步错误修改

**报错内容**

```txt

UnicodeDecodeError: 'ascii' codec can't decode byte 0xe9 in position 7: ordinal not in range(128)

```

**修改方案**

.repo/repo/main.py

```py

import sys
reload(sys)
sys.setdefaultencoding('utf8')

```

## ubuntu 根文件系统的构建

[Ubuntu 根文件系统构建](https://doc.embedfire.com/linux/rk356x/build_and_deploy/zh/latest/building_image/ubuntu_rootfs/ubuntu_rootfs.html)

[野火Ubuntu构建仓库](https://github.com/LubanCat/ubuntu)

**什么是Ubuntu Base**

Ubuntu 针对不同的 CPU 架构提供相应的 Ubuntu base 根文件系统，目前提供的架构有amd64、arm64、armhf、i386、s390x、ppc64.

Ubuntu Base 是用于为特定需求创建自定义映像的最小rootfs，是Ubuntu可以运行的最小环境

[ubuntu-base 下载地址](https://cdimage.ubuntu.com/ubuntu-base/releases/)

## 友善 RK3588 启动日志

```txt

DDR 9fffbe1e78 cym 24/02/04-10:09:20,fwver: v1.16
LPDDR4X, 2112MHz
channel[0] BW=16 Col=10 Bk=8 CS0 Row=16 CS1 Row=16 CS=2 Die BW=16 Size=2048MB
channel[1] BW=16 Col=10 Bk=8 CS0 Row=16 CS1 Row=16 CS=2 Die BW=16 Size=2048MB
channel[2] BW=16 Col=10 Bk=8 CS0 Row=16 CS1 Row=16 CS=2 Die BW=16 Size=2048MB
channel[3] BW=16 Col=10 Bk=8 CS0 Row=16 CS1 Row=16 CS=2 Die BW=16 Size=2048MB
Manufacturer ID:0x1
CH0 RX Vref:27.1%, TX Vref:19.8%,19.8%
CH1 RX Vref:26.3%, TX Vref:20.8%,20.8%
CH2 RX Vref:26.7%, TX Vref:18.8%,19.8%
CH3 RX Vref:27.1%, TX Vref:20.8%,20.8%
change to F1: 528MHz
change to F2: 1068MHz
change to F3: 1560MHz
change to F0: 2112MHz
out
U-Boot SPL board init
U-Boot SPL 2017.09-ge4e124926e-230922 #lxh (Sep 25 2023 - 10:58:38), fwver: v1.13
unknown raw ID 0 0 0
unrecognized JEDEC id bytes: 00, 00, 00
Trying to boot from MMC2
MMC: no card present
mmc_init: -123, time 0
spl: mmc init failed with error: -123
Trying to boot from MMC1
SPL: A/B-slot: _a, successful: 0, tries-remain: 7
Trying fit image at 0x4000 sector
## Verified-boot: 0
## Checking atf-1 0x00040000 ... sha256(a7d1d8d191...) + OK
## Checking uboot 0x00200000 ... sha256(d488154a45...) + OK
## Checking fdt 0x0033aec8 ... sha256(9ff849197b...) + OK
## Checking atf-2 0xff100000 ... sha256(4b2065349b...) + OK
## Checking atf-3 0x000f0000 ... sha256(aa71013e72...) + OK
## Checking optee 0x08400000 ... sha256(4b2d406bfc...) + OK
Jumping to U-Boot(0x00200000) via ARM Trusted Firmware(0x00040000)
Total: 78.458/230.760 ms

INFO:    Preloader serial: 2
NOTICE:  BL31: v2.3():v2.3-682-g4ca8a8422:derrick.huang, fwver: v1.45
NOTICE:  BL31: Built : 10:11:21, Dec 27 2023
INFO:    spec: 0x13
INFO:    code: 0x88
INFO:    ext 32k is valid
INFO:    ddr: stride-en 4CH
INFO:    GICv3 without legacy support detected.
INFO:    ARM GICv3 driver initialized in EL3
INFO:    valid_cpu_msk=0xff bcore0_rst = 0x0, bcore1_rst = 0x0
INFO:    l3 cache partition cfg-0
INFO:    system boots from cpu-hwid-0
INFO:    disable memory repair
INFO:    idle_st=0x21fff, pd_st=0x11fff9, repair_st=0xfff70001
INFO:    dfs DDR fsp_params[0].freq_mhz= 2112MHz
INFO:    dfs DDR fsp_params[1].freq_mhz= 528MHz
INFO:    dfs DDR fsp_params[2].freq_mhz= 1068MHz
INFO:    dfs DDR fsp_params[3].freq_mhz= 1560MHz
INFO:    BL31: Initialising Exception Handling Framework
INFO:    BL31: Initializing runtime services
INFO:    BL31: Initializing BL32
I/TC:
I/TC: OP-TEE version: 3.13.0-752-g62aa10b78 #hisping.lin (gcc version 10.2.1 20201103 (GNU Toolchain for the A-profile Architecture 10.2-2020.11 (arm-10.16))) #2 Mon Sep 25 10:04:34 CST 2023 aarch64, fwver: v1.15
I/TC: Primary CPU initializing
I/TC: Primary CPU switching to normal world boot
INFO:    BL31: Preparing for EL3 exit to normal world
INFO:    Entry point address = 0x200000
INFO:    SPSR = 0x3c9


U-Boot 2017.09-g1b1171b7c71-220418 #fa (Apr 18 2024 - 11:12:44 +0800)

Board: FriendlyELEC RK3588 board
PreSerial: 2, raw, 0xfeb50000
DRAM:  8 GiB
Sysmem: init
Relocation Offset: eda23000
Relocation fdt: eb9f9ba0 - eb9fecd8
CR: M/C/I
Using default environment

optee api revision: 2.0
mmc@fe2c0000: 1, mmc@fe2e0000: 0
Bootdev(atags): mmc 0
MMC0: HS400 Enhanced Strobe, 200Mhz
PartType: EFI
TEEC: Waring: Could not find security partition
DM: v2
boot mode: None
RESC: 'resource', blk@0x0000a000
lib/avb/libavb_user/avb_ops_user.c: trusty_read_lock_state failed
Error determining whether device is unlocked.
Device is: UNLOCKED
DTB: rk3588-nanopi6-rev04.dtb (236181)
HASH(c): OK
ANDROID: fdt overlay OK
I2c0 speed: 100000Hz
vsel-gpios- not found!
en-gpios- not found!
vdd_cpu_big0_s0 800000 uV
vsel-gpios- not found!
en-gpios- not found!
vdd_cpu_big1_s0 800000 uV
I2c2 speed: 100000Hz
vsel-gpios- not found!
en-gpios- not found!
vdd_npu_s0 800000 uV
spi2: RK806: 2
ON=0x40, OFF=0x00
vdd_gpu_s0 750000 uV
vdd_cpu_lit_s0 750000 uV
vdd_log_s0 750000 uV
vdd_vdenc_s0 init 750000 uV
vdd_ddr_s0 850000 uV
get vp0 plane mask:0x7, primary id:0, cursor_plane:2, from dts
get vp1 plane mask:0x148, primary id:6, cursor_plane:3, from dts
Could not find baseparameter partition
I2c6 speed: 200000Hz
Rockchip UBOOT DRM driver version: v1.0.1
vp0 have layer nr:3[0 1 2 ], primary plane: 0
vp1 have layer nr:3[3 6 8 ], primary plane: 6
vp2 have layer nr:0[], primary plane: 0
vp3 have layer nr:0[], primary plane: 0
Monitor has basic audio support
Could not find baseparameter partition
color_format:1
hdmi_select_link_config use tmds mode
mode:1024x768 bus_format:0x2025
hdmi@fde80000:  detailed mode clock 65000 kHz, flags[a]
    H: 1024 1048 1184 1344
    V: 0768 0771 0777 0806
bus_format: 2025
VOP update mode to: 1024x768p60, type: HDMI0 for VP0
dclk:65000,if_pixclk_div;2,if_dclk_div:4
hdptx_ropll_cmn_config bus_width:9eb10 rate:650000
hdptx phy pll locked!
VP0 set crtc_clock to 650KHz
VOP VP0 enable Cluster0[800x480->800x480@112x144] fmt[1] addr[0xee01a000]
Non-CEA mode used in HDMI
mtmdsclock:65000000
hdptx_ropll_cmn_config bus_width:9eb10 rate:650000
hdptx phy pll locked!
dw_hdmi_setup HDMI mode
don't use dsc mode
dw hdmi qp use tmds mode
bus_width:0x9eb10,bit_rate:650000
hdptx phy lane locked!
CLK: (sync kernel. arm: enter 1008000 KHz, init 1008000 KHz, kernel 0N/A)
  b0pll 24000 KHz
  b1pll 24000 KHz
  lpll 24000 KHz
  v0pll 24000 KHz
  aupll 786431 KHz
  cpll 1500000 KHz
  gpll 1188000 KHz
  npll 850000 KHz
  ppll 1100000 KHz
  aclk_center_root 702000 KHz
  pclk_center_root 100000 KHz
  hclk_center_root 396000 KHz
  aclk_center_low_root 500000 KHz
  aclk_top_root 750000 KHz
  pclk_top_root 100000 KHz
  aclk_low_top_root 396000 KHz
vdd_usbc 19795 mV

Net:   eth1: ethernet@fe1c0000
Hit key to stop autoboot('CTRL+C'):  0
## Booting FIT Image FIT: No fit blob
FIT: No FIT image
ANDROID: reboot reason: "(none)"
Not AVB images, AVB skip
No valid android hdr
Android image load failed
Android boot failed, error -1.

## Booting Rockchip Format Image
fdt      @ 0x08300000 (0x00039d35)
kernel   @ 0x00400000 (0x02241808)
ramdisk  @ 0x0a200000 (0x007b2bc0)
Fdt Ramdisk skip relocation
## Flattened Device Tree blob at 0x08300000
   Booting using the fdt blob at 0x08300000
   Using Device Tree in place at 0000000008300000, end 000000000833cd34
## reserved-memory:
  drm-logo@00000000: addr=edf00000 size=468000
  vendor-storage-rm@00000000: addr=ebcb9000 size=10000
  ramoops@110000: addr=110000 size=e0000
Adding bank: 0x00200000 - 0x08400000 (size: 0x08200000)
Adding bank: 0x09400000 - 0xf0000000 (size: 0xe6c00000)
Adding bank: 0x100000000 - 0x200000000 (size: 0x100000000)
Adding bank: 0x2f0000000 - 0x300000000 (size: 0x10000000)
Total: 1821.615/1895.391 ms

Starting kernel ...

[    1.904492] Booting Linux on physical CPU 0x0000000000 [0x412fd050]
[    1.904516] Linux version 6.1.57 (fa@jensen) (aarch64-linux-gcc (ctng-1.25.0-119g-FA) 11.3.0, GNU ld (GNU Binutils) 2.38) #13 SMP Tue May 21 16:26:32 CST 2024
[    1.906920] random: crng init done
[    1.910932] Machine model: FriendlyElec NanoPi R6C
[    1.917674] earlycon: uart8250 at MMIO32 0x00000000feb50000 (options '')
[    1.920839] printk: bootconsole [uart8250] enabled
[    1.923254] OF: fdt: Reserved memory: failed to reserve memory for node 'drm-cubic-lut@00000000': base 0x0000000000000000, size 0 MiB
[    1.924386] Reserved memory: created CMA memory pool at 0x00000002ff800000, size 8 MiB
[    1.925096] OF: reserved mem: initialized node cma, compatible id shared-dma-pool
[    1.925767] OF: reserved mem: 0x00000002ff800000..0x00000002ffffffff ( 8192 KB ) map reusable cma
[    1.926584] OF: reserved mem: 0x0000000000110000..0x00000000001effff ( 896 KB ) map non-reusable ramoops@110000
[    1.927498] OF: reserved mem: 0x00000000ebcb9000..0x00000000ebcc8fff ( 64 KB ) map non-reusable vendor-storage-rm@00000000
[    1.928496] OF: reserved mem: 0x00000000edf00000..0x00000000ee367fff ( 4512 KB ) map non-reusable drm-logo@00000000
[    2.046044] Zone ranges:
[    2.046279]   DMA      [mem 0x0000000000200000-0x00000000ffffffff]
[    2.046837]   DMA32    empty
[    2.047099]   Normal   [mem 0x0000000100000000-0x00000002ffffffff]
[    2.047659] Movable zone start for each node
[    2.048041] Early memory node ranges
[    2.048362]   node   0: [mem 0x0000000000200000-0x00000000083fffff]
[    2.048925]   node   0: [mem 0x0000000009400000-0x00000000efffffff]
[    2.049490]   node   0: [mem 0x0000000100000000-0x00000001ffffffff]
[    2.050052]   node   0: [mem 0x00000002f0000000-0x00000002ffffffff]
[    2.050614] Initmem setup node 0 [mem 0x0000000000200000-0x00000002ffffffff]
[    2.051933] On node 0, zone DMA: 512 pages in unavailable ranges
[    2.070738] On node 0, zone DMA: 4096 pages in unavailable ranges
[    2.093434] psci: probing for conduit method from DT.
[    2.094439] psci: PSCIv1.1 detected in firmware.
[    2.094853] psci: Using standard PSCI v0.2 function IDs
[    2.095326] psci: Trusted OS migration not required
[    2.095798] psci: SMC Calling Convention v1.2
[    2.096525] percpu: Embedded 28 pages/cpu s76088 r8192 d30408 u114688
[    2.097272] Detected VIPT I-cache on CPU0
[    2.097673] CPU features: detected: GIC system register CPU interface
[    2.098245] CPU features: detected: Virtualization Host Extensions
[    2.098803] CPU features: detected: Qualcomm erratum 1009, or ARM erratum 1286807, 2441009
[    2.099540] CPU features: detected: ARM errata 1165522, 1319367, or 1530923
[    2.100166] alternatives: applying boot alternatives
[    2.102125] Built 1 zonelists, mobility grouping on.  Total pages: 2059848
[    2.102750] Kernel command line: storagemedia=emmc androidboot.storagemedia=emmc androidboot.mode=normal androidboot.dtbo_idx=0 androidboot.verifiedbootstate=orange earlycon=uart8250,mmio32,0xfeb50000 console=ttyFIQ0 coherent_pool=1m irqchip.gicv3_pseudo_nmi=0 rw root=/dev/mmcblk2p8 rootfstype=ext4 rootflags=discard data=/dev/mmcblk2p9 consoleblank=0 cgroup_enable=cpuset cgroup_memory=1 cgroup_enable=memory swapaccount=1 androidboot.fwver=ddr-v1.16-9fffbe1e78,spl-v1.13,bl31-v1.45,bl32-v1.15,uboot-1b1171b7c7-04/18/2024
[    2.107107] The swapaccount= commandline option is deprecated. Please report your usecase to linux-mm@kvack.org if you depend on this functionality.
[    2.108322] Unknown kernel command line parameters "storagemedia=emmc data=/dev/mmcblk2p9 cgroup_enable=memory cgroup_memory=1", will be passed to user space.
[    2.110345] Dentry cache hash table entries: 1048576 (order: 11, 8388608 bytes, linear)
[    2.111437] Inode-cache hash table entries: 524288 (order: 10, 4194304 bytes, linear)
[    2.112145] mem auto-init: stack:off, heap alloc:off, heap free:off
[    2.112711] software IO TLB: area num 8.
[    2.125029] software IO TLB: mapped [mem 0x00000000e7cb9000-0x00000000ebcb9000] (64MB)
[    2.177581] Memory: 8085124K/8370176K available (17856K kernel code, 3462K rwdata, 6308K rodata, 7296K init, 914K bss, 276860K reserved, 8192K cma-reserved)
[    2.178981] SLUB: HWalign=64, Order=0-3, MinObjects=0, CPUs=8, Nodes=1
[    2.179598] ftrace: allocating 59193 entries in 232 pages
[    2.264088] ftrace: allocated 232 pages with 4 groups
[    2.264627] trace event string verifier disabled
[    2.265224] rcu: Hierarchical RCU implementation.
[    2.265650] rcu:     RCU event tracing is enabled.
[    2.266057]  Rude variant of Tasks RCU enabled.
[    2.266463]  Tracing variant of Tasks RCU enabled.
[    2.266889] rcu: RCU calculated value of scheduler-enlistment delay is 30 jiffies.
[    2.272163] NR_IRQS: 64, nr_irqs: 64, preallocated irqs: 0
[    2.274796] GICv3: GIC: Using split EOI/Deactivate mode
[    2.275268] GICv3: 480 SPIs implemented
[    2.275614] GICv3: 0 Extended SPIs implemented
[    2.276033] Root IRQ handler: gic_handle_irq
[    2.276426] GICv3: GICv3 features: 16 PPIs
[    2.276834] GICv3: CPU0: found redistributor 0 region 0:0x00000000fe680000
[    2.277718] ITS [mem 0xfe640000-0xfe65ffff]
[    2.278138] ITS@0x00000000fe640000: allocated 8192 Devices @1001e0000 (indirect, esz 8, psz 64K, shr 0)
[    2.279003] ITS@0x00000000fe640000: allocated 32768 Interrupt Collections @1001f0000 (flat, esz 2, psz 64K, shr 0)
[    2.279935] ITS: using cache flushing for cmd queue
[    2.280399] ITS [mem 0xfe660000-0xfe67ffff]
[    2.280811] ITS@0x00000000fe660000: allocated 8192 Devices @100210000 (indirect, esz 8, psz 64K, shr 0)
[    2.281668] ITS@0x00000000fe660000: allocated 32768 Interrupt Collections @100220000 (flat, esz 2, psz 64K, shr 0)
[    2.282602] ITS: using cache flushing for cmd queue
[    2.283210] GICv3: using LPI property table @0x0000000100230000
[    2.283848] GIC: using cache flushing for LPI property table
[    2.284359] GICv3: CPU0: using allocated LPI pending table @0x0000000100240000
[    2.285053] rcu: srcu_init: Setting srcu_struct sizes based on contention.
[    2.393559] arch_timer: cp15 timer(s) running at 24.00MHz (phys).
[    2.394120] clocksource: arch_sys_counter: mask: 0xffffffffffffff max_cycles: 0x588fe9dc0, max_idle_ns: 440795202592 ns
[    2.395103] sched_clock: 56 bits at 24MHz, resolution 41ns, wraps every 4398046511097ns
[    2.396871] Console: colour dummy device 80x25
[    2.397309] Calibrating delay loop (skipped), value calculated using timer frequency.. 48.00 BogoMIPS (lpj=80000)
[    2.398243] pid_max: default: 32768 minimum: 301
[    2.398713] LSM: Security Framework initializing
[    2.399238] AppArmor: AppArmor initialized
[    2.399696] Mount-cache hash table entries: 16384 (order: 5, 131072 bytes, linear)
[    2.400411] Mountpoint-cache hash table entries: 16384 (order: 5, 131072 bytes, linear)
[    2.402617] cblist_init_generic: Setting adjustable number of callback queues.
[    2.403275] cblist_init_generic: Setting shift to 3 and lim to 1.
[    2.403913] cblist_init_generic: Setting adjustable number of callback queues.
[    2.404570] cblist_init_generic: Setting shift to 3 and lim to 1.
[    2.405270] rcu: Hierarchical SRCU implementation.
[    2.405707] rcu:     Max phase no-delay instances is 1000.
[    2.406852] Platform MSI: msi-controller@fe640000 domain created
[    2.407425] Platform MSI: msi-controller@fe660000 domain created
[    2.408240] PCI/MSI: /interrupt-controller@fe600000/msi-controller@fe640000 domain created
[    2.409009] PCI/MSI: /interrupt-controller@fe600000/msi-controller@fe660000 domain created
[    2.410270] smp: Bringing up secondary CPUs ...
I/TC: Secondary CPU 1 initializing
I/TC: Secondary CPU 1 switching to normal world boot
I/TC: Secondary CPU 2 initializing
I/TC: Secondary CPU 2 switching to normal world boot
I/TC: Secondary CPU 3 initializing
I/TC: Secondary CPU 3 switching to normal world boot
I/TC: Secondary CPU 4 initializing
I/TC: Secondary CPU 4 switching to normal world boot
I/TC: Secondary CPU 5 initializing
I/TC: Secondary CPU 5 switching to normal world boot
I/TC: Secondary CPU 6 initializing
I/TC: Secondary CPU 6 switching to normal world boot
I/TC: Secondary CPU 7 initializing
I/TC: Secondary CPU 7 switching to normal world boot
[    2.411819] Detected VIPT I-cache on CPU1
[    2.411905] GICv3: CPU1: found redistributor 100 region 0:0x00000000fe6a0000
[    2.411922] GICv3: CPU1: using allocated LPI pending table @0x0000000100250000
[    2.411957] CPU1: Booted secondary processor 0x0000000100 [0x412fd050]
[    2.413116] Detected VIPT I-cache on CPU2
[    2.413192] GICv3: CPU2: found redistributor 200 region 0:0x00000000fe6c0000
[    2.413208] GICv3: CPU2: using allocated LPI pending table @0x0000000100260000
[    2.413240] CPU2: Booted secondary processor 0x0000000200 [0x412fd050]
[    2.414388] Detected VIPT I-cache on CPU3
[    2.414466] GICv3: CPU3: found redistributor 300 region 0:0x00000000fe6e0000
[    2.414482] GICv3: CPU3: using allocated LPI pending table @0x0000000100270000
[    2.414512] CPU3: Booted secondary processor 0x0000000300 [0x412fd050]
[    2.415625] CPU features: detected: Spectre-v4
[    2.415628] CPU features: detected: Spectre-BHB
[    2.415631] Detected PIPT I-cache on CPU4
[    2.415674] GICv3: CPU4: found redistributor 400 region 0:0x00000000fe700000
[    2.415682] GICv3: CPU4: using allocated LPI pending table @0x0000000100280000
[    2.415702] CPU4: Booted secondary processor 0x0000000400 [0x414fd0b0]
[    2.416814] Detected PIPT I-cache on CPU5
[    2.416865] GICv3: CPU5: found redistributor 500 region 0:0x00000000fe720000
[    2.416874] GICv3: CPU5: using allocated LPI pending table @0x0000000100290000
[    2.416894] CPU5: Booted secondary processor 0x0000000500 [0x414fd0b0]
[    2.418005] Detected PIPT I-cache on CPU6
[    2.418052] GICv3: CPU6: found redistributor 600 region 0:0x00000000fe740000
[    2.418061] GICv3: CPU6: using allocated LPI pending table @0x00000001002a0000
[    2.418081] CPU6: Booted secondary processor 0x0000000600 [0x414fd0b0]
[    2.419180] Detected PIPT I-cache on CPU7
[    2.419230] GICv3: CPU7: found redistributor 700 region 0:0x00000000fe760000
[    2.419239] GICv3: CPU7: using allocated LPI pending table @0x00000001002b0000
[    2.419259] CPU7: Booted secondary processor 0x0000000700 [0x414fd0b0]
[    2.419310] smp: Brought up 1 node, 8 CPUs
[    2.436182] SMP: Total of 8 processors activated.
[    2.436611] CPU features: detected: 32-bit EL0 Support
[    2.437077] CPU features: detected: Data cache clean to the PoU not required for I/D coherence
[    2.437857] CPU features: detected: Common not Private translations
[    2.438425] CPU features: detected: CRC32 instructions
[    2.438891] CPU features: detected: RCpc load-acquire (LDAPR)
[    2.439416] CPU features: detected: LSE atomic instructions
[    2.439922] CPU features: detected: Privileged Access Never
[    2.440428] CPU features: detected: RAS Extension Support
[    2.440920] CPU features: detected: Speculative Store Bypassing Safe (SSBS)
[    2.441619] CPU: All CPU(s) started at EL2
[    2.441993] alternatives: applying system-wide alternatives
[    2.448071] devtmpfs: initialized
[    2.456846] Registered cp15_barrier emulation handler
[    2.457308] Registered setend emulation handler
[    2.457773] clocksource: jiffies: mask: 0xffffffff max_cycles: 0xffffffff, max_idle_ns: 6370867519511994 ns
[    2.458657] futex hash table entries: 2048 (order: 5, 131072 bytes, linear)
[    2.459431] pinctrl core: initialized pinctrl subsystem
[    2.460224] NET: Registered PF_NETLINK/PF_ROUTE protocol family
[    2.461382] DMA: preallocated 1024 KiB GFP_KERNEL pool for atomic allocations
[    2.462080] DMA: preallocated 1024 KiB GFP_KERNEL|GFP_DMA pool for atomic allocations
[    2.462817] audit: initializing netlink subsys (disabled)
[    2.463393] audit: type=2000 audit(0.063:1): state=initialized audit_enabled=0 res=1
[    2.463754] Registered FIQ tty driver
[    2.464517] thermal_sys: Registered thermal governor 'fair_share'
[    2.464519] thermal_sys: Registered thermal governor 'step_wise'
[    2.465069] thermal_sys: Registered thermal governor 'user_space'
[    2.465683] cpuidle: using governor menu
[    2.466693] hw-breakpoint: found 6 breakpoint and 4 watchpoint registers.
[    2.467394] ASID allocator initialised with 65536 entries
[    2.469125] ramoops: dmesg-0 0x18000@0x0000000000110000
[    2.469603] ramoops: dmesg-1 0x18000@0x0000000000128000
[    2.470086] ramoops: console 0x80000@0x0000000000140000
[    2.470563] ramoops: pmsg    0x30000@0x00000000001c0000
[    2.471222] printk: console [ramoops-1] enabled
[    2.471751] pstore: Registered ramoops as persistent store backend
[    2.472311] ramoops: using 0xe0000@0x110000, ecc: 0
[    2.495782] platform fde80000.hdmi: Fixed dependency cycle(s) with /vop@fdd90000/ports/port@0/endpoint@2
[    2.504384] rockchip-gpio fd8a0000.gpio: probed /pinctrl/gpio@fd8a0000
[    2.505139] rockchip-gpio fec20000.gpio: probed /pinctrl/gpio@fec20000
[    2.505865] rockchip-gpio fec30000.gpio: probed /pinctrl/gpio@fec30000
[    2.506617] rockchip-gpio fec40000.gpio: probed /pinctrl/gpio@fec40000
[    2.507361] rockchip-gpio fec50000.gpio: probed /pinctrl/gpio@fec50000
[    2.507985] rockchip-pinctrl pinctrl: probed pinctrl
[    2.510125] KASLR disabled due to lack of seed
[    2.513618] HugeTLB: registered 1.00 GiB page size, pre-allocated 0 pages
[    2.514241] HugeTLB: 0 KiB vmemmap can be freed for a 1.00 GiB page
[    2.514810] HugeTLB: registered 32.0 MiB page size, pre-allocated 0 pages
[    2.515424] HugeTLB: 0 KiB vmemmap can be freed for a 32.0 MiB page
[    2.515991] HugeTLB: registered 2.00 MiB page size, pre-allocated 0 pages
[    2.516605] HugeTLB: 0 KiB vmemmap can be freed for a 2.00 MiB page
[    2.517173] HugeTLB: registered 64.0 KiB page size, pre-allocated 0 pages
[    2.517789] HugeTLB: 0 KiB vmemmap can be freed for a 64.0 KiB page
[    2.518615] cryptd: max_cpu_qlen set to 1000
[    2.519757] fiq_debugger fiq_debugger.0: error -ENXIO: IRQ fiq not found
[    2.520369] fiq_debugger fiq_debugger.0: error -ENXIO: IRQ wakeup not found
[    2.521001] fiq_debugger_probe: could not install nmi irq handler
[[    2.521592] printk: console [ttyFIQ0] enabled
    2.521592] printk: console [ttyFIQ0] enabled
[    2.522365] printk: bootconsole [uart8250] disabled
[    2.522365] printk: bootconsole [uart8250] disabled
[    2.522861] Registered fiq debugger ttyFIQ0
[    2.523633] iommu: Default domain type: Translated
[    2.523637] iommu: DMA domain TLB invalidation policy: strict mode
[    2.523744] SCSI subsystem initialized
[    2.523800] usbcore: registered new interface driver usbfs
[    2.523812] usbcore: registered new interface driver hub
[    2.523824] usbcore: registered new device driver usb
[    2.523920] mc: Linux media interface: v0.10
[    2.523932] videodev: Linux video capture interface: v2.00
[    2.523957] pps_core: LinuxPPS API ver. 1 registered
[    2.523960] pps_core: Software ver. 5.3.6 - Copyright 2005-2007 Rodolfo Giometti <giometti@linux.it>
[    2.523967] PTP clock support registered
[    2.523981] EDAC MC: Ver: 3.0.0
[    2.524212] arm-scmi firmware:scmi: Enabled polling mode TX channel - prot_id:16
[    2.524247] arm-scmi firmware:scmi: SCMI Notifications - Core Enabled.
[    2.524272] arm-scmi firmware:scmi: SCMI Protocol v2.0 'rockchip:' Firmware version 0x0
[    2.525078] Advanced Linux Sound Architecture Driver Initialized.
[    2.525266] Bluetooth: Core ver 2.22
[    2.525277] NET: Registered PF_BLUETOOTH protocol family
[    2.525281] Bluetooth: HCI device and connection manager initialized
[    2.525286] Bluetooth: HCI socket layer initialized
[    2.525291] Bluetooth: L2CAP socket layer initialized
[    2.525297] Bluetooth: SCO socket layer initialized
[    2.525304] NetLabel: Initializing
[    2.525307] NetLabel:  domain hash size = 128
[    2.525311] NetLabel:  protocols = UNLABELED CIPSOv4 CALIPSO
[    2.525330] NetLabel:  unlabeled traffic allowed by default
[    2.526529] rockchip-cpuinfo cpuinfo: SoC            : 35880000
[    2.526534] rockchip-cpuinfo cpuinfo: Serial         : c4b3a02423541303
[    3.240581] clocksource: Switched to clocksource arch_sys_counter
[    3.240680] VFS: Disk quotas dquot_6.6.0
[    3.240697] VFS: Dquot-cache hash table entries: 512 (order 0, 4096 bytes)
[    3.240730] FS-Cache: Loaded
[    3.240889] AppArmor: AppArmor Filesystem Enabled
[    3.243900] NET: Registered PF_INET protocol family
[    3.244022] IP idents hash table entries: 131072 (order: 8, 1048576 bytes, linear)
[    3.246789] tcp_listen_portaddr_hash hash table entries: 4096 (order: 5, 131072 bytes, linear)
[    3.246842] Table-perturb hash table entries: 65536 (order: 6, 262144 bytes, linear)
[    3.246861] TCP established hash table entries: 65536 (order: 7, 524288 bytes, linear)
[    3.247188] TCP bind hash table entries: 65536 (order: 10, 4194304 bytes, linear)
[    3.250435] TCP: Hash tables configured (established 65536 bind 65536)
[    3.250485] UDP hash table entries: 4096 (order: 6, 393216 bytes, linear)
[    3.250641] UDP-Lite hash table entries: 4096 (order: 6, 393216 bytes, linear)
[    3.250835] NET: Registered PF_UNIX/PF_LOCAL protocol family
[    3.251036] RPC: Registered named UNIX socket transport module.
[    3.251041] RPC: Registered udp transport module.
[    3.251044] RPC: Registered tcp transport module.
[    3.251047] RPC: Registered tcp NFSv4.1 backchannel transport module.
[    3.251145] PCI: CLS 0 bytes, default 64
[    3.251244] Trying to unpack rootfs image as initramfs...
[    3.251503] rockchip-thermal fec00000.tsadc: Missing rockchip,grf property
[    3.252109] rockchip-thermal fec00000.tsadc: tsadc is probed successfully!
[    3.263957] hw perfevents: enabled with armv8_pmuv3 PMU driver, 7 counters available
[    3.264701] Initialise system trusted keyrings
[    3.264788] workingset: timestamp_bits=46 max_order=21 bucket_order=0
[    3.266472] zbud: loaded
[    3.266854] squashfs: version 4.0 (2009/01/31) Phillip Lougher
[    3.267115] NFS: Registering the id_resolver key type
[    3.267126] Key type id_resolver registered
[    3.267130] Key type id_legacy registered
[    3.267152] nfs4filelayout_init: NFSv4 File Layout Driver Registering...
[    3.267159] nfs4flexfilelayout_init: NFSv4 Flexfile Layout Driver Registering...
[    3.267216] fuse: init (API version 7.37)
[    3.287524] Key type asymmetric registered
[    3.287531] Asymmetric key parser 'x509' registered
[    3.287552] Block layer SCSI generic (bsg) driver version 0.4 loaded (major 242)
[    3.287635] io scheduler mq-deadline registered
[    3.287641] io scheduler kyber registered
[    3.287673] io scheduler bfq registered
[    3.288461] rockchip-csi2-dphy-hw fedc0000.csi2-dphy0-hw: csi2 dphy hw probe successfully!
[    3.288523] rockchip-csi2-dphy-hw fedc8000.csi2-dphy1-hw: csi2 dphy hw probe successfully!
[    3.292728] rockchip-hdptx-phy-hdmi fed60000.hdmiphy: hdptx phy init success
[    3.294092] iep: Module initialized.
[    3.294127] mpp_service mpp-srv: 912bac35f889 author: jensen 2024-04-09 video: rockchip: mpp: skip merges for mpp git revision
[    3.294133] mpp_service mpp-srv: probe start
[    3.295349] mpp_vepu2 jpege-ccu: probing start
[    3.295355] mpp_vepu2 jpege-ccu: probing finish
[    3.295889] mpp_rkvdec2 fdc30000.rkvdec-ccu: rkvdec-ccu, probing start
[    3.295938] mpp_rkvdec2 fdc30000.rkvdec-ccu: ccu-mode: 1
[    3.295943] mpp_rkvdec2 fdc30000.rkvdec-ccu: probing finish
[    3.296169] mpp_rkvenc2 rkvenc-ccu: probing start
[    3.296174] mpp_rkvenc2 rkvenc-ccu: probing finish
[    3.296433] mpp_service mpp-srv: probe success
[    3.296513] rk_videotunnel_driver rkvtunnel: probe start
[    3.296582] rk_videotunnel_driver rkvtunnel: probe success
[    3.303318] dma-pl330 fea10000.dma-controller: Loaded driver for PL330 DMAC-241330
[    3.303328] dma-pl330 fea10000.dma-controller:       DBUFF-128x8bytes Num_Chans-8 Num_Peri-32 Num_Events-16
[    3.303929] dma-pl330 fea30000.dma-controller: Loaded driver for PL330 DMAC-241330
[    3.303936] dma-pl330 fea30000.dma-controller:       DBUFF-128x8bytes Num_Chans-8 Num_Peri-32 Num_Events-16
[    3.304524] dma-pl330 fed10000.dma-controller: Loaded driver for PL330 DMAC-241330
[    3.304530] dma-pl330 fed10000.dma-controller:       DBUFF-128x8bytes Num_Chans-8 Num_Peri-32 Num_Events-16
[    3.304735] rockchip-pvtm fda40000.pvtm: pvtm@0 probed
[    3.304776] rockchip-pvtm fda50000.pvtm: pvtm@1 probed
[    3.304813] rockchip-pvtm fda60000.pvtm: pvtm@2 probed
[    3.30 IRQ sharing disabled
[    3.306174] feb80000.serial: ttyS5 at MMIO 0xfeb80000 (irq = 32, base_baud = 1500000) is a 16550A
[    3.310747] rk_iommu fdca0000.iommu: av1d iommu enabled
[    3.316939] SPI driver panel-simple-spi has no spi_device_id for simple-panel-spi
[    3.320334] brd: module loaded
[    3.322457] loop: module loaded
[    3.322559] lkdtm: No crash points registered, enable through debugfs
[    3.322581] system_heap: orders[0] = 6
[    3.322586] system_heap: orders[1] = 4
[    3.322590] system_heap: orders[2] = 0
[    3.323572] SPI driver spidev has no spi_device_id for rockchip,spidev
[    3.324204] rockchip-spi feb20000.spi: no high_speed pinctrl state
[    3.324497] spi spi2.0: Fixed dependency cycle(s) with /spi@feb20000/rk806single@0/regulators/DCDC_REG7
[    3.324528] spi spi2.0: Fixed dependency cycle(s) with /spi@feb20000/rk806single@0/pinctrl_rk806/rk806_dvs1_pwrdn
[    3.324539] spi spi2.0: Fixed dependency cycle(s) with /spi@feb20000/rk806single@0/pinctrl_rk806/rk806_dvs3_null
[    3.324549] spi spi2.0: Fixed dependency cycle(s) with /spi@feb20000/rk806single@0/pinctrl_rk806/rk806_dvs2_null
[    3.324558] spi spi2.0: Fixed dependency cycle(s) with /spi@feb20000/rk806single@0/pinctrl_rk806/rk806_dvs1_null
[    3.324948] rk806 spi2.0: chip id: RK806,ver:0x2, 0x1
[    3.325079] rk806 spi2.0: ON: 0x40 OFF:0x0
[    3.337344] rk806 spi2.0: no sleep-setting state
[    3.337353] rk806 spi2.0: no reset-setting pinctrl state
[    3.337358] rk806 spi2.0: no dvs-setting pinctrl state
[    3.338901] rockchip-spi feb20000.spi: probed, poll=0, rsd=0, cs-inactive=0, ready=0
[    3.340034] rk_gmac-dwmac fe1c0000.ethernet: IRQ eth_lpi not found
[    3.340167] rk_gmac-dwmac fe1c0000.ethernet: supply phy not found, using dummy regulator
[    3.340210] rk_gmac-dwmac fe1c0000.ethernet: clock input or output? (output).
[    3.340216] rk_gmac-dwmac fe1c0000.ethernet: TX delay(0x42).
[    3.340221] rk_gmac-dwmac fe1c0000.ethernet: Can not read property: rx_delay.
[    3.340226] rk_gmac-dwmac fe1c0000.ethernet: set rx_delay to 0xffffffff
[    3.340240] rk_gmac-dwmac fe1c0000.ethernet: integrated PHY? (no).
[    3.340247] rk_gmac-dwmac fe1c0000.ethernet: cannot get clock mac_clk_rx
[    3.340253] rk_gmac-dwmac fe1c0000.ethernet: cannot get clock mac_clk_tx
[    3.340264] rk_gmac-dwmac fe1c0000.ethernet: cannot get clock clk_mac_speed
[    3.340478] rk_gmac-dwmac fe1c0000.ethernet: init for RGMII_RXID
[    3.340588] rk_gmac-dwmac fe1c0000.ethernet: User ID: 0x30, Synopsys ID: 0x51
[    3.340595] rk_gmac-dwmac fe1c0000.ethernet:         DWMAC4/5
[    3.340601] rk_gmac-dwmac fe1c0000.ethernet: DMA HW capability register supported
[    3.340606] rk_gmac-dwmac fe1c0000.ethernet: RX Checksum Offload Engine supported
[    3.340611] rk_gmac-dwmac fe1c0000.ethernet: TX Checksum insertion supported
[    3.340615] rk_gmac-dwmac fe1c0000.ethernet: Wake-Up On Lan supported
[    3.340638] rk_gmac-dwmac fe1c0000.ethernet: TSO supported
[    3.340643] rk_gmac-dwmac fe1c0000.ethernet: Enable RX Mitigation via HW Watchdog Timer
[    3.340648] rk_gmac-dwmac fe1c0000.ethernet: Enabled L3L4 Flow TC (entries=2)
[    3.340653] rk_gmac-dwmac fe1c0000.ethernet: Enabled RFS Flow TC (entries=10)
[    3.340658] rk_gmac-dwmac fe1c0000.ethernet: TSO feature enabled
[    3.340663] rk_gmac-dwmac fe1c0000.ethernet: Using 32/32 bits DMA host/device width
[    3.464703] Freeing initrd memory: 7880K
[    3.483031] PPP generic driver version 2.4.2
[    3.483137] usbcore: registered new interface driver asix
[    3.483158] usbcore: registered new interface driver ax88179_178a
[    3.483170] usbcore: registered new interface driver cdc_ether
[    3.483181] usbcore: registered new interface driver rndis_host
[    3.483194] usbcore: registered new interface driver qmi_wwan
[    3.490296] usbcore: registered new interface driver cdc_acm
[    3.490304] cdc_acm: USB Abstract Control Model driver for USB modems and ISDN adapters
[    3.490317] usbcore: registered new interface driver cdc_wdm
[    3.490415] usbcore: registered new interface driver uas
[    3.490432] usbcore: registered new interface driver usb-storage
[    3.490481] usbcore: registered new interface driver usbserial_generic
[    3.490507] usbserial: USB Serial support registered for generic
[    3.490519] usbcore: registered new interface driver ch341
[    3.490527] usbserial: USB Serial support registered for ch341-uart
[    3.490538] usbcore: registered new interface driver cp210x
[    3.490546] usbserial: USB Serial support registered for cp210x
[    3.490557] usbcore: registered new interface driver ftdi_sio
[    3.490565] usbserial: USB Serial support registered for FTDI USB Serial Device
[    3.490584] usbcore: registered new interface driver option
[    3.490593] usbserial: USB Serial support registered for GSM modem (1-port)
[    3.490603] usbcore: registered new interface driver pl2303
[    3.490611] usbserial: USB Serial support registered for pl2303
[    3.490622] usbcore: registered new interface driver qcserial
[    3.490630] usbserial: USB Serial support registered for Qualcomm USB modem
[    3.490831] mousedev: PS/2 mouse device common for all mice
[    3.491156] .. rk pwm remotectl v2.0 init
[    3.491890] input: fd8b0030.pwm as /devices/platform/fd8b0030.pwm/input/input0
[    3.492081] remotectl-pwm fd8b0030.pwm: pwm version is 0x2130000
[    3.492115] remotectl-pwm fd8b0030.pwm: Controller support pwrkey capture
[    3.492152] ehci-platform fc800000.usb: EHCI Host Controller
[    3.492160] ohci-platform fc840000.usb: Generic Platform OHCI controller
[    3.492169] ehci-platform fc800000.usb: new USB bus registered, assigned bus number 1
[    3.492173] ohci-platform fc840000.usb: new USB bus registered, assigned bus number 2
[    3.492225] ohci-platform fc840000.usb: irq 61, io mem 0xfc840000
[    3.492238] ehci-platform fc800000.usb: irq 60, io mem 0xfc800000
[    3.492905] input: rk805 pwrkey as /devices/platform/feb20000.spi/spi_master/spi2/spi2.0/rk805-pwrkey.1.auto/input/input1
[    3.493066] i2c_dev: i2c /dev entries driver
[    3.503919] ehci-platform fc800000.usb: USB 2.0 started, EHCI 1.00
[    3.503991] usb usb1: New USB device found, idVendor=1d6b, idProduct=0002, bcdDevice= 6.01
[    3.504000] usb usb1: New USB device strings: Mfr=3, Product=2, SerialNumber=1
[    3.504006] usb usb1: Product: EHCI Host Controller
[    3.504011] usb usb1: Manufacturer: Linux 6.1.57 ehci_hcd
[    3.504016] usb usb1: SerialNumber: fc800000.usb
[    3.504217] hub 1-0:1.0: USB hub found
[    3.504231] hub 1-0:1.0: 1 port detected
[    3.515455] rtc-hym8563 6-0051: rtc information is invalid
[    3.519853] rtc-hym8563 6-0051: registered as rtc0
[    3.520355] rtc-hym8563 6-0051: setting system clock to 2021-01-01T12:00:00 UTC (1609502400)
[    3.520556] IR NEC protocol handler initialized
[    3.520900] rockchip-mipi-csi2-hw fdd10000.mipi0-csi2-hw: enter mipi csi2 hw probe!
[    3.520975] rockchip-mipi-csi2-hw fdd10000.mipi0-csi2-hw: probe success, v4l2_dev:mipi0-csi2-hw!
[    3.521005] rockchip-mipi-csi2-hw fdd20000.mipi1-csi2-hw: enter mipi csi2 hw probe!
[    3.521062] rockchip-mipi-csi2-hw fdd20000.mipi1-csi2-hw: probe success, v4l2_dev:mipi1-csi2-hw!
[    3.521086] rockchip-mipi-csi2-hw fdd30000.mipi2-csi2-hw: enter mipi csi2 hw probe!
[    3.521142] rockchip-mipi-csi2-hw fdd30000.mipi2-csi2-hw: probe success, v4l2_dev:mipi2-csi2-hw!
[    3.521165] rockchip-mipi-csi2-hw fdd40000.mipi3-csi2-hw: enter mipi csi2 hw probe!
[    3.521220] rockchip-mipi-csi2-hw fdd40000.mipi3-csi2-hw: probe success, v4l2_dev:mipi3-csi2-hw!
[    3.521244] rockchip-mipi-csi2-hw fdd50000.mipi4-csi2-hw: enter mipi csi2 hw probe!
[    3.521294] rockchip-mipi-csi2-hw fdd50000.mipi4-csi2-hw: probe success, v4l2_dev:mipi4-csi2-hw!
[    3.521317] rockchip-mipi-csi2-hw fdd60000.mipi5-csi2-hw: enter mipi csi2 hw probe!
[    3.521372] rockchip-mipi-csi2-hw fdd60000.mipi5-csi2-hw: probe success, v4l2_dev:mipi5-csi2-hw!
[    3.523335] device-mapper: uevent: version 1.0.3
[    3.523440] device-mapper: ioctl: 4.47.0-ioctl (2022-07-28) initialised: dm-devel@redhat.com
[    3.524210] cpu cpu0: bin=0
[    3.524390] cpu cpu0: leakage=11
[    3.525798] cpu cpu0: pvtm=1483
[    3.525919] cpu cpu0: pvtm-volt-sel=4
[    3.527819] cpu cpu4: bin=0
[    3.527993] cpu cpu4: leakage=9
[    3.534562] cpu cpu4: pvtm=1712
[    3.538586] cpu cpu4: pvtm-volt-sel=5
[    3.541228] cpu cpu6: bin=0
[    3.541403] cpu cpu6: leakage=9
[    3.547940] cpu cpu6: pvtm=1725
[    3.551327] usb usb2: New USB device found, idVendor=1d6b, idProduct=0001, bcdDevice= 6.01
[    3.551336] usb usb2: New USB device strings: Mfr=3, Product=2, SerialNumber=1
[    3.551342] usb usb2: Product: Generic Platform OHCI controller
[    3.551348] usb usb2: Manufacturer: Linux 6.1.57 ohci_hcd
[    3.551353] usb usb2: SerialNumber: fc840000.usb
[    3.551536] hub 2-0:1.0: USB hub found
[    3.551550] hub 2-0:1.0: 1 port detected
[    3.551942] cpu cpu6: pvtm-volt-sel=5
[    3.553771] cpu cpu0: avs=0
[    3.554875] cpu cpu4: avs=0
[    3.555792] cpu cpu6: avs=0
[    3.555867] cpu cpu0: l=10000 h=85000 hyst=5000 l_limit=0 h_limit=1608000000 h_table=0
[    3.556187] cpu cpu0: EM: created perf domain
[    3.556502] cpu cpu4: l=10000 h=85000 hyst=5000 l_limit=0 h_limit=2208000000 h_table=0
[    3.564619] cpu cpu4: EM: created perf domain
[    3.565028] cpu cpu6: l=10000 h=85000 hyst=5000 l_limit=0 h_limit=2208000000 h_table=0
[    3.575423] cpu cpu6: EM: created perf domain
[    3.576378] sdhci: Secure Digital Host Controller Interface driver
[    3.576387] sdhci: Copyright(c) Pierre Ossman
[    3.576392] Synopsys Designware Multimedia Card Interface Driver
[    3.576663] sdhci-pltfm: SDHCI platform and OF driver helper
[    3.578329] ledtrig-cpu: registered to indicate activity on CPUs
[    3.578360] arm-scmi firmware:scmi: Failed. SCMI protocol 17 not active.
[    3.578404] SMCCC: SOC_ID: ARCH_SOC_ID not implemented, skipping ....
[    3.578438] hid: raw HID events driver (C) Jiri Kosina
[    3.578646] usbcore: registered new interface driver usbhid
[    3.578654] usbhid: USB HID core driver
[    3.584038] optee: probing for conduit method.
[    3.584064] optee: revision 3.13 (62aa10b7)
[    3.584524] optee: dynamic shared memory is enabled
[    3.584663] optee: initialized driver
[    3.587603] rockchip-i2s-tdm fddf0000.i2s: CLK-ALWAYS-ON: mclk: 12288000, bclk: 3072000, fsync: 48000
[    3.589452] Initializing XFRM netlink socket
[    3.589470] IPsec XFRM device driver
[    3.589768] NET: Registered PF_INET6 protocol family
[    3.590723] Segment Routing with IPv6
[    3.590747] In-situ OAM (IOAM) with IPv6
[    3.592049] bpfilter: Loaded bpfilter_umh pid 121
[    3.592468] NET: Registered PF_PACKET protocol family
[    3.592675] Bluetooth: RFCOMM TTY layer initialized
[    3.592684] Bluetooth: RFCOMM socket layer initialized
[    3.592696] Bluetooth: RFCOMM ver 1.11
[    3.592706] Bluetooth: HIDP (Human Interface Emulation) ver 1.2
[    3.592716] Bluetooth: HIDP socket layer initialized
[    3.592751] [BT_RFKILL]: Enter rfkill_rk_init
[    3.592757] [WLAN_RFKILL]: Enter rfkill_wlan_init
[    3.593079] Key type dns_resolver registered
[    3.593812] registered taskstats version 1
[    3.593834] Loading compiled-in X.509 certificates
[    3.594115] zswap: loaded using pool lzo/zbud
[    3.594532] pstore: Using crash dump compression: deflate
[    3.594581] AppArmor: AppArmor sha1 policy hashing enabled
[    3.594803] rga3_core0 fdb60000.rga: Adding to iommu group 2
[    3.594995] rga: rga3_core0, irq = 37, match scheduler
[    3.595258] rga: rga3_core0 hardware loaded successfully, hw_version:3.0.76831.
[    3.595338] rga: rga3_core0 probe successfully
[    3.595636] rga3_core1 fdb70000.rga: Adding to iommu group 3
[    3.595760] rga: rga3_core1, irq = 38, match scheduler
[    3.595942] rga: rga3_core1 hardware loaded successfully, hw_version:3.0.76831.
[    3.595983] rga: rga3_core1 probe successfully
[    3.596304] rga: rga2, irq = 84, match scheduler
[    3.596508] rga: rga2 hardware loaded successfully, hw_version:3.2.63318.
[    3.596558] rga: rga2 probe successfully
[    3.596699] rga_iommu: IOMMU binding successfully, default mapping core[0x1]
[    3.596817] rga: Module initialized. v1.3.1
[    3.600800] xhci-hcd xhci-hcd.4.auto: xHCI Host Controller
[    3.600819] xhci-hcd xhci-hcd.4.auto: new USB bus registered, assigned bus number 3
[    3.600912] xhci-hcd xhci-hcd.4.auto: hcc params 0x0220fe64 hci version 0x110 quirks 0x0000800002010010
[    3.600946] xhci-hcd xhci-hcd.4.auto: irq 85, io mem 0xfc000000
[    3.601036] xhci-hcd xhci-hcd.4.auto: xHCI Host Controller
[    3.601049] xhci-hcd xhci-hcd.4.auto: new USB bus registered, assigned bus number 4
[    3.601061] xhci-hcd xhci-hcd.4.auto: Host supports USB 3.0 SuperSpeed
[    3.601178] usb usb3: New USB device found, idVendor=1d6b, idProduct=0002, bcdDevice= 6.01
[    3.601190] usb usb3: New USB device strings: Mfr=3, Product=2, SerialNumber=1
[    3.601200] usb usb3: Product: xHCI Host Controller
[    3.601208] usb usb3: Manufacturer: Linux 6.1.57 xhci-hcd
[    3.601216] usb usb3: SerialNumber: xhci-hcd.4.auto
[    3.601549] hub 3-0:1.0: USB hub found
[    3.601576] hub 3-0:1.0: 1 port detected
[    3.601791] usb usb4: We don't know the algorithms for LPM for this host, disabling LPM.
[    3.601866] usb usb4: New USB device found, idVendor=1d6b, idProduct=0003, bcdDevice= 6.01
[    3.601878] usb usb4: New USB device strings: Mfr=3, Product=2, SerialNumber=1
[    3.601887] usb usb4: Product: xHCI Host Controller
[    3.601894] usb usb4: Manufacturer: Linux 6.1.57 xhci-hcd
[    3.601902] usb usb4: SerialNumber: xhci-hcd.4.auto
[    3.602193] hub 4-0:1.0: USB hub found
[    3.602215] hub 4-0:1.0: 1 port detected
[    3.607277] mmc2: SDHCI controller on fe2e0000.mmc [fe2e0000.mmc] using ADMA
[    3.625933] friendlyelec-board board: Serial         : c4b3a02423541303
[    3.628849] rk-pcie fe180000.pcie: invalid prsnt-gpios property in node
[    3.629200] rk-pcie fe190000.pcie: invalid prsnt-gpios property in node
[    3.629593] mpp_vdpu1 fdb51000.avsd-plus: Adding to iommu group 1
[    3.629966] mpp_vdpu1 fdb51000.avsd-plus: probe device
[    3.630231] rk-pcie fe190000.pcie: host bridge /pcie@fe190000 ranges:
[    3.630241] mpp_vdpu1 fdb51000.avsd-plus: reset_group->rw_sem_on=0
[    3.630256] mpp_vdpu1 fdb51000.avsd-plus: reset_group->rw_sem_on=0
[    3.630272] rk-pcie fe190000.pcie:       IO 0x00f4100000..0x00f41fffff -> 0x00f4100000
[    3.630300] rk-pcie fe190000.pcie:      MEM 0x00f4200000..0x00f4ffffff -> 0x00f4200000
[    3.630316] rk-pcie fe190000.pcie:      MEM 0x0a00000000..0x0a3fffffff -> 0x0a00000000
[    3.630368] rk-pcie fe190000.pcie: iATU unroll: enabled
[    3.630379] rk-pcie fe190000.pcie: iATU regions: 8 ob, 8 ib, align 64K, limit 8G
[    3.630539] mpp_vdpu1 fdb51000.avsd-plus: probing finish
[    3.630804] mpp_vdpu2 fdb50400.vdpu: Adding to iommu group 1
[    3.630879] mpp_vdpu2 fdb50400.vdpu: probe device
[    3.631059] mpp_vdpu2 fdb50400.vdpu: reset_group->rw_sem_on=0
[    3.631074] mpp_vdpu2 fdb50400.vdpu: reset_group->rw_sem_on=0
[    3.631362] mpp_vdpu2 fdb50400.vdpu: probing finish
[    3.631584] mpp_vepu2 fdba0000.jpege-core: Adding to iommu group 5
[    3.631701] mpp_vepu2 fdba0000.jpege-core: probing start
[    3.631946] mpp_vepu2 fdba0000.jpege-core: attach ccu success
[    3.632258] mpp_vepu2 fdba0000.jpege-core: probing finish
[    3.632510] mpp_vepu2 fdba4000.jpege-core: Adding to iommu group 6
[    3.632624] mpp_vepu2 fdba4000.jpege-core: probing start
[    3.632850] mpp_vepu2 fdba4000.jpege-core: attach ccu success
[    3.633098] mpp_vepu2 fdba4000.jpege-core: probing finish
[    3.633350] mpp_vepu2 fdba8000.jpege-core: Adding to iommu group 7
[    3.633466] mpp_vepu2 fdba8000.jpege-core: probing start
[    3.633690] mpp_vepu2 fdba8000.jpege-core: attach ccu success
[    3.633973] mpp_vepu2 fdba8000.jpege-core: probing finish
[    3.634224] mpp_vepu2 fdbac000.jpege-core: Adding to iommu group 8
[    3.634356] mpp_vepu2 fdbac000.jpege-core: probing start
[    3.634586] mpp_vepu2 fdbac000.jpege-core: attach ccu success
[    3.634898] mpp_vepu2 fdbac000.jpege-core: probing finish
[    3.635176] mpp-iep2 fdbb0000.iep: Adding to iommu group 9
[    3.635295] mpp-iep2 fdbb0000.iep: probe device
[    3.635521] mpp-iep2 fdbb0000.iep: allocate roi buffer failed
[    3.635813] mpp-iep2 fdbb0000.iep: probing finish
[    3.636072] mpp_jpgdec fdb90000.jpegd: Adding to iommu group 4
[    3.636372] mpp_jpgdec fdb90000.jpegd: probe device
[    3.636834] mpp_jpgdec fdb90000.jpegd: probing finish
[    3.637106] mpp_rkvdec2 fdc38100.rkvdec-core: Adding to iommu group 12
[    3.637576] mpp_rkvdec2 fdc38100.rkvdec-core: rkvdec-core, probing start
[    3.637846] mpp_rkvdec2 fdc38100.rkvdec-core: shared_niu_a is not found!
[    3.637859] rkvdec2_init:982: No niu aclk reset resource define
[    3.637873] mpp_rkvdec2 fdc38100.rkvdec-core: shared_niu_h is not found!
[    3.637883] rkvdec2_init:985: No niu hclk reset resource define
[    3.637958] mpp_rkvdec2 fdc38100.rkvdec-core: no regulator, devfreq is disabled
[    3.638064] mpp_rkvdec2 fdc38100.rkvdec-core: core_mask=00010001
[    3.638078] mpp_rkvdec2 fdc38100.rkvdec-core: attach ccu as core 0
[    3.638406] mpp_rkvdec2 fdc38100.rkvdec-core: sram_start 0x00000000ff001000
[    3.638420] mpp_rkvdec2 fdc38100.rkvdec-core: rcb_iova 0x00000000fff00000
[    3.638432] mpp_rkvdec2 fdc38100.rkvdec-core: sram_size 491520
[    3.638443] mpp_rkvdec2 fdc38100.rkvdec-core: rcb_size 1048576
[    3.638457] mpp_rkvdec2 fdc38100.rkvdec-core: min_width 512
[    3.638471] mpp_rkvdec2 fdc38100.rkvdec-core: rcb_info_count 20
[    3.638483] mpp_rkvdec2 fdc38100.rkvdec-core: [136, 24576]
[    3.638495] mpp_rkvdec2 fdc38100.rkvdec-core: [137, 49152]
[    3.638506] mpp_rkvdec2 fdc38100.rkvdec-core: [141, 90112]
[    3.638517] mpp_rkvdec2 fdc38100.rkvdec-core: [140, 49152]
[    3.638528] mpp_rkvdec2 fdc38100.rkvdec-core: [139, 180224]
[    3.638539] mpp_rkvdec2 fdc38100.rkvdec-core: [133, 49152]
[    3.638551] mpp_rkvdec2 fdc38100.rkvdec-core: [134, 8192]
[    3.638562] mpp_rkvdec2 fdc38100.rkvdec-core: [135, 4352]
[    3.638573] mpp_rkvdec2 fdc38100.rkvdec-core: [138, 13056]
[    3.638584] mpp_rkvdec2 fdc38100.rkvdec-core: [142, 291584]
[    3.638642] mpp_rkvdec2 fdc38100.rkvdec-core: probing finish
[    3.638884] mpp_rkvdec2 fdc48100.rkvdec-core: Adding to iommu group 13
[    3.639242] mpp_rkvdec2 fdc48100.rkvdec-core: rkvdec-core, probing start
[    3.639498] mpp_rkvdec2 fdc48100.rkvdec-core: shared_niu_a is not found!
[    3.639510] rkvdec2_init:982: No niu aclk reset resource define
[    3.639524] mpp_rkvdec2 fdc48100.rkvdec-core: shared_niu_h is not found!
[    3.639533] rkvdec2_init:985: No niu hclk reset resource define
[    3.639603] mpp_rkvdec2 fdc48100.rkvdec-core: no regulator, devfreq is disabled
[    3.639681] mpp_rkvdec2 fdc48100.rkvdec-core: core_mask=00020002
[    3.639710] mpp_rkvdec2 fdc48100.rkvdec-core: attach ccu as core 1
[    3.640097] mpp_rkvdec2 fdc48100.rkvdec-core: sram_start 0x00000000ff079000
[    3.640109] mpp_rkvdec2 fdc48100.rkvdec-core: rcb_iova 0x00000000ffe00000
[    3.640121] mpp_rkvdec2 fdc48100.rkvdec-core: sram_size 487424
[    3.640132] mpp_rkvdec2 fdc48100.rkvdec-core: rcb_size 1048576
[    3.640144] mpp_rkvdec2 fdc48100.rkvdec-core: min_width 512
[    3.640158] mpp_rkvdec2 fdc48100.rkvdec-core: rcb_info_count 20
[    3.640170] mpp_rkvdec2 fdc48100.rkvdec-core: [136, 24576]
[    3.640181] mpp_rkvdec2 fdc48100.rkvdec-core: [137, 49152]
[    3.640193] mpp_rkvdec2 fdc48100.rkvdec-core: [141, 90112]
[    3.640203] mpp_rkvdec2 fdc48100.rkvdec-core: [140, 49152]
[    3.640214] mpp_rkvdec2 fdc48100.rkvdec-core: [139, 180224]
[    3.640226] mpp_rkvdec2 fdc48100.rkvdec-core: [133, 49152]
[    3.640237] mpp_rkvdec2 fdc48100.rkvdec-core: [134, 8192]
[    3.640248] mpp_rkvdec2 fdc48100.rkvdec-core: [135, 4352]
[    3.640259] mpp_rkvdec2 fdc48100.rkvdec-core: [138, 13056]
[    3.640270] mpp_rkvdec2 fdc48100.rkvdec-core: [142, 291584]
[    3.640329] mpp_rkvdec2 fdc48100.rkvdec-core: probing finish
[    3.640728] mpp_rkvenc2 fdbd0000.rkvenc-core: Adding to iommu group 10
[    3.640975] mpp_rkvenc2 fdbd0000.rkvenc-core: probing start
[    3.642064] mpp_rkvenc2 fdbd0000.rkvenc-core: bin=0
[    3.642340] mpp_rkvenc2 fdbd0000.rkvenc-core: leakage=14
[    3.642389] mpp_rkvenc2 fdbd0000.rkvenc-core: leakage-volt-sel=0
[    3.643658] mpp_rkvenc2 fdbd0000.rkvenc-core: avs=0
[    3.643686] mpp_rkvenc2 fdbd0000.rkvenc-core: l=-2147483648 h=2147483647 hyst=0 l_limit=0 h_limit=0 h_table=0
[    3.644236] mpp_rkvenc2 fdbd0000.rkvenc-core: attach ccu as core 0
[    3.644507] mpp_rkvenc2 fdbd0000.rkvenc-core: probing finish
[    3.644809] mpp_rkvenc2 fdbe0000.rkvenc-core: Adding to iommu group 11
[    3.645078] mpp_rkvenc2 fdbe0000.rkvenc-core: probing start
[    3.645678] mpp_rkvenc2 fdbe0000.rkvenc-core: bin=0
[    3.645873] mpp_rkvenc2 fdbe0000.rkvenc-core: leakage=14
[    3.645889] mpp_rkvenc2 fdbe0000.rkvenc-core: leakage-volt-sel=0
[    3.647091] mpp_rkvenc2 fdbe0000.rkvenc-core: avs=0
[    3.647119] mpp_rkvenc2 fdbe0000.rkvenc-core: l=-2147483648 h=2147483647 hyst=0 l_limit=0 h_limit=0 h_table=0
[    3.647684] mpp_rkvenc2 fdbe0000.rkvenc-core: attach ccu as core 1
[    3.648090] mpp_rkvenc2 fdbe0000.rkvenc-core: probing finish
[    3.648342] mpp_av1dec fdc70000.av1d: Adding to iommu group 14
[    3.648730] mpp_av1dec fdc70000.av1d: probing start
[    3.649368] mpp_av1dec fdc70000.av1d: probing finish
[    3.649659] rockchip-vop2 fdd90000.vop: Adding to iommu group 15
[    3.650549] [drm] all windows should be assigned, full plane mask: 0x3cf, current plane mask: 0x14f
[    3.650565] rockchip-vop2 fdd90000.vop: [drm:vop2_bind] vp0 assign plane mask: 0x7, primary plane phy id: 0
[    3.650601] rockchip-vop2 fdd90000.vop: [drm:vop2_bind] vp1 assign plane mask: 0x148, primary plane phy id: 6
[    3.650617] rockchip-vop2 fdd90000.vop: [drm:vop2_bind] vp2 assign plane mask: 0x0, primary plane phy id: -1
[    3.650631] rockchip-vop2 fdd90000.vop: [drm:vop2_bind] vp3 assign plane mask: 0x0, primary plane phy id: -1
[    3.650758] rockchip-vop2 fdd90000.vop: [drm:vop2_bind] Esmart0-win0 as cursor plane for vp0
[    3.650878] rockchip-vop2 fdd90000.vop: [drm:vop2_bind] Esmart1-win0 as cursor plane for vp1
[    3.650915] rockchip-vop2 fdd90000.vop: [drm:vop2_bind] VP2 plane_mask is zero, so ignore register crtc
[    3.650930] rockchip-vop2 fdd90000.vop: [drm:vop2_bind] VP3 plane_mask is zero, so ignore register crtc
[    3.673072] rockchip-vop2 fdd90000.vop: bin=0
[    3.673297] rockchip-vop2 fdd90000.vop: leakage=38
[    3.673315] rockchip-vop2 fdd90000.vop: leakage-volt-sel=1
[    3.673938] rockchip-vop2 fdd90000.vop: avs=0
[    3.674048] rockchip-vop2 fdd90000.vop: l=-2147483648 h=2147483647 hyst=0 l_limit=0 h_limit=0 h_table=0
[    3.674392] rockchip-vop2 fdd90000.vop: Supported VOP aclk dvfs, normal mode:500000000, advanced mode:750000000
[    3.674414] rockchip-drm display-subsystem: bound fdd90000.vop (ops 0xffffffc009294218)
[    3.675582] dwhdmi-rockchip fde80000.hdmi: registered ddc I2C bus driver
[    3.677861] dw-hdmi-qp-hdcp dw-hdmi-qp-hdcp.8.auto: dw_hdcp_qp_hdcp_probe success
[    3.677937] rockchip-drm display-subsystem: bound fde80000.hdmi (ops 0xffffffc0092a57c0)
[    3.710153] mmc2: Host Software Queue enabled
[    3.710188] mmc2: new HS400 Enhanced strobe MMC card at address 0001
[    3.710870] mmcblk2: mmc2:0001 A3A551 28.9 GiB
[    3.713836]  mmcblk2: p1 p2 p3 p4 p5 p6 p7 p8 p9
[    3.715979] mmcblk2boot0: mmc2:0001 A3A551 4.00 MiB
[    3.717014] mmcblk2boot1: mmc2:0001 A3A551 4.00 MiB
[    3.717917] mmcblk2rpmb: mmc2:0001 A3A551 16.0 MiB, chardev (236:0)
[    3.734819] rk-pcie fe180000.pcie: host bridge /pcie@fe180000 ranges:
[    3.734858] rk-pcie fe180000.pcie:       IO 0x00f3100000..0x00f31fffff -> 0x00f3100000
[    3.734882] rk-pcie fe180000.pcie:      MEM 0x00f3200000..0x00f3ffffff -> 0x00f3200000
[    3.734899] rk-pcie fe180000.pcie:      MEM 0x09c0000000..0x09ffffffff -> 0x09c0000000
[    3.734960] rk-pcie fe180000.pcie: iATU unroll: enabled
[    3.734972] rk-pcie fe180000.pcie: iATU regions: 8 ob, 8 ib, align 64K, limit 8G
[    3.813025] vendor storage:20190527 ret = 0
[    3.813741] [drm] Initialized rockchip 3.0.0 20140818 for display-subsystem on minor 0
[    3.835337] rk-pcie fe190000.pcie: PCIe Linking... LTSSM is 0x3
[    3.856521] rk-pcie fe190000.pcie: PCIe Linking... LTSSM is 0x3
[    3.858381] Console: switching to colour frame buffer device 128x48
[    3.875158] rockchip-drm display-subsystem: [drm] fb0: rockchipdrmfb frame buffer device
[    3.877358] mali fb000000.gpu: Kernel DDK version g21p0-01eac0
[    3.877456] rk-pcie fe190000.pcie: PCIe Linking... LTSSM is 0x3
[    3.878645] mali fb000000.gpu: bin=0
[    3.878904] mali fb000000.gpu: leakage=18
[    3.878994] debugfs: Directory 'fb000000.gpu-mali' with parent 'vdd_gpu_s0' already present!
[    3.880340] rockchip-dmc dmc: bin=0
[    3.880497] dwmmc_rockchip fe2c0000.mmc: No normal pinctrl state
[    3.880522] dwmmc_rockchip fe2c0000.mmc: No idle pinctrl state
[    3.880604] rockchip-dmc dmc: leakage=38
[    3.880614] dwmmc_rockchip fe2c0000.mmc: IDMAC supports 32-bit address mode.
[    3.880627] mali fb000000.gpu: pvtm=914
[    3.880636] dwmmc_rockchip fe2c0000.mmc: Using internal DMA controller.
[    3.880657] rockchip-dmc dmc: leakage-volt-sel=1
[    3.880660] dwmmc_rockchip fe2c0000.mmc: Version ID is 270a
[    3.880702] dwmmc_rockchip fe2c0000.mmc: DW MMC controller at irq 110,32 bit host data width,256 deep fifo
[    3.881181] mali fb000000.gpu: pvtm-volt-sel=5
[    3.881291] debugfs: Directory 'fb000000.gpu-mali' with parent 'vdd_gpu_s0' already present!
[    3.883058] mali fb000000.gpu: avs=0
[    3.883098] W : [File] : drivers/gpu/arm/bifrost/platform/rk/mali_kbase_config_rk.c; [Line] : 144; [Func] : kbase_platform_rk_init(); power-off-delay-ms not available.
[    3.884058] mali fb000000.gpu: Register LUT 000a0800 initialized for GPU arch 0x000a0806
[    3.884097] mali fb000000.gpu: r0p0 status 5 not found in HW issues table;
[    3.884113] mali fb000000.gpu: falling back to closest match: r0p0 status 0
[    3.884128] mali fb000000.gpu: Execution proceeding normally with fallback match
[    3.884139] mali fb000000.gpu: GPU identified as 0x7 arch 10.8.6 r0p0 status 0
[    3.884140] rockchip-dmc dmc: avs=0
[    3.884168] rockchip-dmc dmc: current ATF version 0x100
[    3.884294] mali fb000000.gpu: No priority control manager is configured
[    3.884309] mali fb000000.gpu: Large page allocation set to false after hardware feature check
[    3.884530] rockchip-dmc dmc: normal_rate = 1560000000
[    3.884559] rockchip-dmc dmc: reboot_rate = 2112000000
[    3.884580] rockchip-dmc dmc: suspend_rate = 528000000
[    3.884601] rockchip-dmc dmc: video_4k_rate = 1560000000
[    3.884622] rockchip-dmc dmc: video_4k_10b_rate = 1560000000
[    3.884643] rockchip-dmc dmc: video_svep_rate = 1560000000
[    3.884663] rockchip-dmc dmc: boost_rate = 2112000000
[    3.884684] rockchip-dmc dmc: fixed_rate(isp|cif0|cif1|dualview) = 2112000000
[    3.884705] rockchip-dmc dmc: performance_rate = 2112000000
[    3.884727] rockchip-dmc dmc: hdmirx_rate = 2112000000
[    3.884747] rockchip-dmc dmc: deep_suspend_rate = 2112000000
[    3.884760] mali fb000000.gpu: No memory group manager is configured
[    3.884773] rockchip-dmc dmc: failed to get vop bandwidth to dmc rate
[    3.884790] mali fb000000.gpu: Protected memory allocator not available
[    3.884794] rockchip-dmc dmc: failed to get vop pn to msch rl
[    3.885774] rockchip-dmc dmc: l=10000 h=2147483647 hyst=5000 l_limit=0 h_limit=0 h_table=0
[    3.886904] mali fb000000.gpu: EM: created perf domain
[    3.887498] mali fb000000.gpu: l=10000 h=85000 hyst=5000 l_limit=0 h_limit=800000000 h_table=0
[    3.888296] mali fb000000.gpu: * MALI kbase_mmap_min_addr compiled to CONFIG_DEFAULT_MMAP_MIN_ADDR, no runtime update possible! *
[    3.888313] mali fb000000.gpu: Probed as mali0
[    3.893042] mmc_host mmc0: Bus speed (slot 0) = 400000Hz (slot req 400000Hz, actual 400000HZ div = 0)
[    3.898637] rk-pcie fe190000.pcie: PCIe Linking... LTSSM is 0x3
[    3.903713] input: gpio-keys as /devices/platform/gpio-keys/input/input2
[    3.905754] rockchip-pm rockchip-suspend: not set pwm-regulator-config
[    3.906171] rockchip-suspend not set sleep-mode-config for mem-lite
[    3.906184] rockchip-suspend not set wakeup-config for mem-lite
[    3.906198] rockchip-suspend not set sleep-mode-config for mem-ultra
[    3.906209] rockchip-suspend not set wakeup-config for mem-ultra
[    3.907009] ALSA device list:
[    3.907020]   #0: rockchip,hdmi0
[    3.913713] Freeing unused kernel memory: 7296K
[    3.919816] rk-pcie fe190000.pcie: PCIe Linking... LTSSM is 0x3
[    3.934467] Run /init as init process
Loading, please wait...
[    3.997411] rk-pcie fe180000.pcie: PCIe Link up, LTSSM is 0x130011
[    3.997471] rk-pcie fe180000.pcie: PCIe Gen.2 x1 link up
[    3.997790] rk-pcie fe180000.pcie: PCI host bridge to bus 0003:30
[    3.997821] pci_bus 0003:30: root bus resource [bus 30-3f]
[    3.997852] pci_bus 0003:30: root bus resource [io  0x100000-0x1fffff] (bus address [0xf3100000-0xf31fffff])
[    3.997878] pci_bus 0003:30: root bus resource [mem 0xf3200000-0xf3ffffff]
[    3.997901] pci_bus 0003:30: root bus resource [mem 0x9c0000000-0x9ffffffff pref]
[    3.997975] pci 0003:30:00.0: [1d87:3588] type 01 class 0x060400
[    3.998026] pci 0003:30:00.0: reg 0x38: [mem 0x00000000-0x0000ffff pref]
[    3.998134] pci 0003:30:00.0: supports D1 D2
[    3.998155] pci 0003:30:00.0: PME# supported from D0 D1 D3hot
Starting version 249.11-0ubuntu3.7
[    4.016194] pci 0003:30:00.0: Primary bus is hard wired to 0
[    4.016271] pci 0003:30:00.0: bridge configuration invalid ([bus 01-ff]), reconfiguring
[    4.016859] pci 0003:31:00.0: [10ec:8125] type 00 class 0x020000
[    4.016991] pci 0003:31:00.0: reg 0x10: [io  0x0000-0x00ff]
[    4.017127] pci 0003:31:00.0: reg 0x18: [mem 0x00000000-0x0000ffff 64bit]
[    4.017225] pci 0003:31:00.0: reg 0x20: [mem 0x00000000-0x00003fff 64bit]
[    4.017895] pci 0003:31:00.0: supports D1 D2
[    4.017929] pci 0003:31:00.0: PME# supported from D0 D1 D2 D3hot D3cold
[    4.027503] pci_bus 0003:31: busn_res: [bus 31-3f] end is updated to 31
[    4.027601] pci 0003:30:00.0: BAR 8: assigned [mem 0xf3200000-0xf32fffff]
[    4.027632] pci 0003:30:00.0: BAR 6: assigned [mem 0xf3300000-0xf330ffff pref]
[    4.027660] pci 0003:30:00.0: BAR 7: assigned [io  0x100000-0x100fff]
[    4.027692] pci 0003:31:00.0: BAR 2: assigned [mem 0xf3200000-0xf320ffff 64bit]
[    4.027761] pci 0003:31:00.0: BAR 4: assigned [mem 0xf3210000-0xf3213fff 64bit]
[    4.027826] pci 0003:31:00.0: BAR 0: assigned [io  0x100000-0x1000ff]
[    4.027863] pci 0003:30:00.0: PCI bridge to [bus 31]
[    4.027886] pci 0003:30:00.0:   bridge window [io  0x100000-0x100fff]
[    4.027910] pci 0003:30:00.0:   bridge window [mem 0xf3200000-0xf32fffff]
[    4.035145] pcieport 0003:30:00.0: PME: Signaling with IRQ 122
Begin: Loading essential drivers ... done.
Begin: Running /scripts/init-premount ... done.
Begin: Mounting root file system ... Begin: Running /scripts/local-top ... done.
Begin: Running /scripts/local-premount ... done.
[    4.434314] EXT4-fs (mmcblk2p8): mounted filesystem with ordered data mode. Quota mode: none.
Begin: Will now check userdata file system ... fsck from util-linux 2.37.2
[/usr/sbin/fsck.ext4 (1) -- /dev/mmcblk2p9] fsck.ext4 -a -C0 /dev/mmcblk2p9
userdata: recovering journal
userdata: Clearing orphaned inode 1024323 (uid=1000, gid=1000, mode=0100664, size=32768)
userdata: Clearing orphaned inode 1024322 (uid=1000, gid=1000, mode=0100600, size=64)
userdata: Clearing orphaned inode 1024302 (uid=1000, gid=1000, mode=0100664, size=3844)
userdata: Clearing orphaned inode 1024293 (uid=1000, gid=1000, mode=0100664, size=3756)
userdata: Clearing orphaned inode 1024247 (uid=1000, gid=1000, mode=0100664, size=3586)
userdata: Clearing orphaned inode 1024241 (uid=1000, gid=1000, mode=0100664, size=2492)
userdata: Clearing orphaned inode 1024208 (uid=1000, gid=1000, mode=0100664, size=2450)
userdata: clean, 323/1286400 files, 93541/6558715 blocks
done.
[    4.563762] EXT4-fs (mmcblk2p9): mounted filesystem with ordered data mode. Quota mode: none.
[    4.571121] EXT4-fs (mmcblk2p9): re-mounted. Quota mode: none.
[    4.575741] overlayfs: "xino" feature enabled using 32 upper inode bits.
done.
Begin: Running /scripts/local-bottom ... done.
Begin: Running /scripts/init-bottom ... done.
[    4.745378] systemd[1]: System time before build time, advancing clock.
[    4.803051] systemd[1]: systemd 249.11-0ubuntu3.12 running in system mode (+PAM +AUDIT +SELINUX +APPARMOR +IMA +SMACK +SECCOMP +GCRYPT +GNUTLS +OPENSSL +ACL +BLKID +CURL +ELFUTILS +FIDO2 +IDN2 -IDN +IPTC +KMOD +LIBCRYPTSETUP +LIBFDISK +PCRE2 -PWQUALITY -P11KIT -QRENCODE +BZIP2 +LZ4 +XZ +ZLIB +ZSTD -XKBCOMMON +UTMP +SYSVINIT default-hierarchy=unified)
[    4.805636] systemd[1]: Detected architecture arm64.

Welcome to Ubuntu 22.04.4 LTS!

[    4.808334] systemd[1]: Hostname set to <NanoPi-R6C>.
[    4.851044] Freeing drm_logo memory: 4512K
[    4.886281] rk-pcie fe190000.pcie: PCIe Link Fail, LTSSM is 0x3, hw_retries=0
[    4.886324] rk-pcie fe190000.pcie: failed to initialize host
[    5.120996] systemd[1]: /etc/systemd/system/rc-local.service:11: Support for option SysVStartPriority= has been removed and it is ignored
[    5.223294] systemd[1]: Queued start job for default target Graphical Interface.
[    5.223331] systemd[1]: Unnecessary job was removed for /sys/subsystem/net/devices/eth1.
[    5.254963] systemd[1]: Created slice Slice /system/modprobe.
[    5.255772] systemd[1]: Created slice Slice /system/serial-getty.
[  OK  ] Created slice Slice /system/modprobe.
[    5.256164] systemd[1]: Created slice User and Session Slice.
[  OK  ] Created slice Slice /system/serial-getty.
[    5.256353] systemd[1]: Started Forward Password Requests to Wall Directory Watch.
[  OK  ] Created slice User and Session Slice.
[    5.256767] systemd[1]: Set up automount Arbitrary Executable File Formats File System Automount Point.
[  OK  ] Started Forward Password R…uests to Wall Directory Watch.
[    5.256943] systemd[1]: Reached target Remote File Systems.
[  OK  ] Set up automount Arbitrary…s File System Automount Point.
[    5.257002] systemd[1]: Reached target Slice Units.
[  OK  ] Reached target Remote File Systems.
[    5.257066] systemd[1]: Reached target Mounting snaps.
[  OK  ] Reached target Slice Units.
[    5.257118] systemd[1]: Reached target Mounted snaps.
[  OK  ] Reached target Mounting snaps.
[    5.257182] systemd[1]: Reached target Swaps.
[  OK  ] Reached target Mounted snaps.
[    5.257262] systemd[1]: Reached target Local Verity Protected Volumes.
[  OK  ] Reached target Swaps.
[    5.257632] systemd[1]: Listening on Syslog Socket.
[  OK  ] Reached target Local Verity Protected Volumes.
[    5.257819] systemd[1]: Listening on initctl Compatibility Named Pipe.
[  OK  ] Listening on Syslog Socket.
[    5.258214] systemd[1]: Listening on Journal Audit Socket.
[  OK  ] Listening on initctl Compatibility Named Pipe.
[    5.258417] systemd[1]: Listening on Journal Socket (/dev/log).
[  OK  ] Listening on Journal Audit Socket.
[    5.258653] systemd[1]: Listening on Journal Socket.
[  OK  ] Listening on Journal Socket (/dev/log).
[    5.259039] systemd[1]: Listening on udev Control Socket.
[  OK  ] Listening on Journal Socket.
[    5.259252] systemd[1]: Listening on udev Kernel Socket.
[  OK  ] Listening on udev Control Socket.
[    5.260781] systemd[1]: Mounting Huge Pages File System...
[  OK  ] Listening on udev Kernel Socket.
[    5.262367] systemd[1]: Mounting POSIX Message Queue File System...
         Mounting Huge Pages File System...
[    5.264004] systemd[1]: Mounting Kernel Debug File System...
         Mounting POSIX Message Queue File System...
[    5.265566] systemd[1]: Mounting Kernel Trace File System...
         Mounting Kernel Debug File System...
[    5.268794] systemd[1]: Starting Journal Service...
         Mounting Kernel Trace File System...
[    5.271077] systemd[1]: Starting Set the console keyboard layout...
         Starting Journal Service...
[    5.273125] systemd[1]: Starting Create List of Static Device Nodes...
         Starting Set the console keyboard layout...
[    5.275167] systemd[1]: Starting Load Kernel Module configfs...
         Starting Create List of Static Device Nodes...
[    5.276961] systemd[1]: Starting Load Kernel Module drm...
         Starting Load Kernel Module configfs...
[    5.279033] systemd[1]: Starting Load Kernel Module efi_pstore...
         Starting Load Kernel Module drm...
[    5.281075] systemd[1]: Starting Load Kernel Module fuse...
         Starting Load Kernel Module efi_pstore...
[    5.284105] systemd[1]: Starting Load Kernel Modules...
         Starting Load Kernel Module fuse...
         Starting Load Kernel Modules...
[    5.286388] systemd[1]: Starting Remount Root and Kernel File Systems...
         Starting Remount Root and Kernel File Systems...
[    5.288834] systemd[1]: Starting Coldplug All udev Devices...
         Starting Coldplug All udev Devices...
[    5.291617] systemd[1]: Mounted Huge Pages File System.
[  OK  ] Mounted Huge Pages File System.
[    5.292023] systemd[1]: Mounted POSIX Message Queue File System.
[  OK  ] Mounted POSIX Message Queue File System.
[    5.292289] systemd[1]: Mounted Kernel Debug File System.
[  OK  ] Mounted Kernel Debug File System.
[    5.292526] systemd[1]: Mounted Kernel Trace File System.
[  OK  ] Mounted Kernel Trace File System.
[    5.293232] systemd[1]: Finished Create List of Static Device Nodes.
[  OK  ] Finished Create List of Static Device Nodes.
[    5.294180] systemd[1]: modprobe@configfs.service: Deactivated successfully.
[  OK  ] Finished Load Kernel Module configfs.
[    5.294640] systemd[1]: Finished Load Kernel Module configfs.
[  OK  ] Finished Load Kernel Module drm.
[    5.295169] systemd[1]: modprobe@drm.service: Deactivated successfully.
[  OK  ] Finished Load Kernel Module efi_pstore.
[    5.295521] systemd[1]: Finished Load Kernel Module drm.
[  OK  ] Finished Load Kernel Module fuse.
[    5.295980] systemd[1]: modprobe@efi_pstore.service: Deactivated successfully.
         Mounting FUSE Control File System...
[    5.296335] systemd[1]: Finished Load Kernel Module efi_pstore.
         Mounting Kernel Configuration File System...
[    5.296777] systemd[1]: modprobe@fuse.service: Deactivated successfully.
[    5.297137] systemd[1]: Finished Load Kernel Module fuse.
[    5.299137] systemd[1]: Mounting FUSE Control File System...
[    5.301355] systemd[1]: Mounting Kernel Configuration File System...
[    5.306293] systemd[1]: Finished Remount Root and Kernel File Systems.
[  OK  ] Finished Remount Root and Kernel File Systems.
[    5.306753] systemd[1]: Condition check resulted in Platform Persistent Storage Archival being skipped.
[    5.308589] systemd[1]: Starting Load/Save Random Seed...
         Starting Load/Save Random Seed...
[    5.310788] systemd[1]: Starting Create System Users...
         Starting Create System Users...
[    5.312008] systemd[1]: Mounted FUSE Control File System.
[  OK  ] Mounted FUSE Control File System.
[    5.312349] systemd[1]: Mounted Kernel Configuration File System.
[  OK  ] Mounted Kernel Configuration File System.
[    5.315466] r8125: loading out-of-tree module taints kernel.
[    5.318837] r8125 2.5Gigabit Ethernet driver 9.010.01-NAPI loaded
[    5.319015] r8125 0003:31:00.0: enabling device (0000 -> 0003)
[    5.332407] systemd[1]: Finished Load/Save Random Seed.
[    5.332850] systemd[1]: Condition check resulted in First Boot Complete being skipped.
[  OK  ] Finished Load/Save Random Seed.
[    5.338062] r8125: This product is covered by one or more of the following patents: US6,570,884, US6,115,776, and US6,327,625.
[    5.340111] r8125  Copyright (C) 2022 Realtek NIC software team <nicfae@realtek.com>
[    5.340111]  This program comes with ABSOLUTELY NO WARRANTY; for details, please see <http://www.gnu.org/licenses/>.
[    5.340111]  This is free software, and you are welcome to redistribute it under certain conditions; see <http://www.gnu.org/licenses/>.
[    5.343137] systemd[1]: Finished Load Kernel Modules.
[  OK  ] Finished Load Kernel Modules.
[    5.345166] systemd[1]: Starting Apply Kernel Variables...
         Starting Apply Kernel Variables...
[    5.349689] systemd[1]: Finished Create System Users.
[  OK  ] Finished Create System Users.
[    5.353591] systemd[1]: Starting Create Static Device Nodes in /dev...
         Starting Create Static Device Nodes in /dev...
[  OK  ] Finished Create Static Device Nodes in /dev.
         Starting Rule-based Manage…for Device Events and Files...
[  OK  ] Finished Apply Kernel Variables.
[  OK  ] Finished Set the console keyboard layout.
[  OK  ] Reached target Preparation for Local File Systems.
[  OK  ] Reached target Local File Systems.
         Starting Load AppArmor profiles...
         Starting Set console font and keymap...
         Starting Tell Plymouth To Write Out Runtime Data...
         Starting Set Up Additional Binary Formats...
[  OK  ] Started Journal Service.
         Starting Flush Journal to Persistent Storage...
[  OK  ] Finished Coldplug All udev Devices.
         Starting Helper to synchronize boot up for ifupdown...
[  OK  ] Finished Set console font and keymap.
[  OK  ] Finished Tell Plymouth To Write Out Runtime Data.
         Mounting Arbitrary Executable File Formats File System...
[  OK  ] Finished Helper to synchronize boot up for ifupdown.
[  OK  ] Mounted Arbitrary Executable File Formats File System.
[  OK  ] Finished Set Up Additional Binary Formats.
[  OK  ] Finished Flush Journal to Persistent Storage.
         Starting Create Volatile Files and Directories...
[  OK  ] Started Rule-based Manager for Device Events and Files.
[  OK  ] Started Dispatch Password …ts to Console Directory Watch.
[  OK  ] Reached target Local Encrypted Volumes.
[  OK  ] Finished Create Volatile Files and Directories.
         Starting Userspace Out-Of-Memory (OOM) Killer...
         Starting Network Name Resolution...
         Starting Network Time Synchronization...
         Starting Record System Boot/Shutdown in UTMP...
[  OK  ] Finished Record System Boot/Shutdown in UTMP.
[  OK  ] Finished Load AppArmor profiles.
         Starting Raise network interfaces...
         Starting Load AppArmor pro…managed internally by snapd...
[  OK  ] Finished Load AppArmor pro…s managed internally by snapd.
[  OK  ] Started Network Time Synchronization.
[  OK  ] Reached target System Initialization.
[  OK  ] Started CUPS Scheduler.
[  OK  ] Started Start whoopsie on …n of the /var/crash directory.
[  OK  ] Started Daily Cleanup of Temporary Directories.
[  OK  ] Reached target Path Units.
[  OK  ] Reached target System Time Set.
[  OK  ] Started Trigger anacron every hour.
[  OK  ] Started Daily apt download activities.
[  OK  ] Started Daily apt upgrade and clean activities.
[  OK  ] Started Daily dpkg database backup timer.
[  OK  ] Started Periodic ext4 Onli…ata Check for All Filesystems.
[    5.722158] RKNPU fdab0000.npu: can't request region for resource [mem 0xfdab0000-0xfdabffff]
[  OK  ] Started Discard unused blocks once a week.
[    5.722170] RKNPU fdab0000.npu: can't request region for resource [mem 0xfdac0000-0xfdacffff]
[  OK  ] Started Daily rotation of log files.
[    5.722176] RKNPU fdab0000.npu: can't request region for resource [mem 0xfdad0000-0xfdadffff]
[  OK  ] Started Daily man-db regeneration.
[    5.724756] debugfs: Directory 'fdab0000.npu-rknpu' with parent 'vdd_npu_s0' already present!
[  OK  ] Started Message of the Day.
[  OK  ] Listening on Avahi mDNS/DNS-SD Stack Activation Socket.
[  OK  ] Listening on CUPS Scheduler.
[  OK  ] Listening on D-Bus System Message Bus Socket.
         Starting Socket activation for snappy daemon...
[    5.741312] debugfs: Directory 'fdab0000.npu-rknpu' with parent 'vdd_npu_s0' already present!
[  OK  ] Listening on Socket activation for snappy daemon.
[  OK  ] Reached target Socket Units.
[  OK  ] Reached target Basic System.
[  OK  ] Started Run anacron jobs.
         Starting LSB: automatic crash report generation...
         Starting Avahi mDNS/DNS-SD Stack...
[  OK  ] Started D-Bus System Message Bus.
         Starting Network Manager...
[  OK  ] Started Save initial kernel messages after boot.
         Starting Remove Stale Onli…t4 Metadata Check Snapshots...
         Starting Init board...
         Starting Init Onboard LEDs...
         Starting LSB: Load kernel …d to enable cpufreq scaling...
         Starting Dispatcher daemon for systemd-networkd...
         Starting Authorization Manager...
         Starting Power Profiles daemon...
         Starting System Logging Service...
[  OK  ] Reached target Preparation for Logins.
         Starting Wait until snapd is fully seeded...[    5.793468] rk-crypto fe370000.crypto: invalid resource

         Starting Snap Daemon...
[  OK  ] Reached target User and Group Name Lookups.
[DEPEND] Dependency failed for SSSD NSS Service responder socket.
[DEPEND] Dependency failed for SSSD…toFS Service responder socket.
[DEPEND] Dependency failed for SSSD PAC Service responder socket.
[DEPEND] Dependency failed for SSSD…vice responder private socket.
[DEPEND] Dependency failed for SSSD PAM Service responder socket.
[DEPEND] Dependency failed for SSSD SSH Service responder socket.
[DEPEND] Dependency failed for SSSD Sudo Service responder socket.
         Starting Accounts Service...
[  OK  ] Started Regular background program processing daemon.
         Starting Switcheroo Control Proxy service...
         Starting User Login Management...
         Starting Disk Manager...
         Starting WPA supplicant...
[  OK  ] Started Userspace Out-Of-Memory (OOM) Killer.
[  OK  ] Started Network Name Resolution.
[  OK  ] Finished Init board.
[  OK  ] Found device /dev/ttyFIQ0.
[  OK  ] Finished Init Onboard LEDs.
[  OK  ] Started LSB: automatic crash report generation.
[  OK  ] Finished Raise network interfaces.
[  OK  ] Started System Logging Service.
[  OK  ] Reached target Host and Network Name Lookups.
[  OK  ] Started LSB: Load kernel m…ded to enable cpufreq scaling.
         Starting LSB: set CPUFreq kernel parameters...
[  OK  ] Listening on Load/Save RF …itch Status /dev/rfkill Watch.
[  OK  ] Started Avahi mDNS/DNS-SD Stack.
[  OK  ] Started User Login Management.
[  OK  ] Started Switcheroo Control Proxy service.
[  OK  ] Started WPA supplicant.
[  OK  ] Started Authorization Manager.
[  OK  ] Started Power Profiles daemon.
[  OK  ] Started Network Manager.
[  OK  ] Started Accounts Service.
[  OK  ] Reached target Network.
         Starting Modem Manager...
         Starting Network Manager Wait Online...
         Starting Save/Restore Sound Card State...
         Starting CUPS Scheduler...
[  OK  ] Started lcd2usb.
         Starting OpenVPN service...
         Starting OpenBSD Secure Shell server...
         Starting Hostname Service...
         Starting Permit User Sessions...
[  OK  ] Started Unattended Upgrades Shutdown.
[  OK  ] Finished Remove Stale Onli…ext4 Metadata Check Snapshots.
[  OK  ] Started LSB: set CPUFreq kernel parameters.
[  OK  ] Finished OpenVPN service.
[  OK  ] Finished Permit User Sessions.
[  OK  ] Finished Save/Restore Sound Card State.
[  OK  ] Reached target Sound Card.
[  OK  ] Started Hostname Service.
[  OK  ] Started Disk Manager.
[  OK  ] Started CUPS Scheduler.
[  OK  ] Started OpenBSD Secure Shell server.
         Starting Network Manager Script Dispatcher Service...
[  OK  ] Started Network Manager Script Dispatcher Service.
[  OK  ] Started Modem Manager.
[  OK  ] Started Dispatcher daemon for systemd-networkd.
[  OK  ] Started Snap Daemon.
         Starting Time & Date Service...
[  OK  ] Started Time & Date Service.
[  OK  ] Finished Wait until snapd is fully seeded.
[  OK  ] Finished Network Manager Wait Online.
[  OK  ] Reached target Network is Online.
[  OK  ] Started Download data for …ailed at package install time.
[  OK  ] Started Check to see wheth…w version of Ubuntu available.
[  OK  ] Reached target Timer Units.
[  OK  ] Started Make remote CUPS printers available locally.
         Starting Tool to automatic…mit kernel crash signatures...
         Starting /etc/rc.local...
         Starting Sets network devices IRQ and RPS...
[  OK  ] Started crash report submission.
[  OK  ] Started /etc/rc.local.
         Starting GNOME Display Manager...
         Starting Hold until boot process finishes up...
[  OK  ] Finished Hold until boot process finishes up.
[  OK  ] Started Serial Getty on ttyFIQ0.
[  OK  ] Reached target Login Prompts.
         Starting Set console scheme...
[  OK  ] Started Tool to automatica…ubmit kernel crash signatures.
[  OK  ] Finished Set console scheme.
[  OK  ] Created slice Slice /system/getty.
[  OK  ] Finished Sets network devices IRQ and RPS.
[  OK  ] Reached target Multi-User System.
[  OK  ] Started GNOME Display Manager.
[  OK  ] Reached target Graphical Interface.
         Starting Record Runlevel Change in UTMP...
[  OK  ] Finished Record Runlevel Change in UTMP.

Ubuntu 22.04.4 LTS NanoPi-R6C ttyFIQ0

NanoPi-R6C login:

```

















